../Core/Src/main.c:118:6:HAL_ADC_ConvCpltCallback	16	static
../Core/Src/main.c:141:5:main	48	static
../Core/Src/main.c:243:6:SystemClock_Config	88	static
../Core/Src/main.c:290:13:MX_ADC1_Init	24	static
../Core/Src/main.c:351:13:MX_CRC_Init	8	static
../Core/Src/main.c:377:13:MX_USART1_UART_Init	8	static
../Core/Src/main.c:408:13:MX_DMA_Init	16	static
../Core/Src/main.c:429:13:MX_GPIO_Init	40	static
../Core/Src/main.c:456:6:HAL_UARTEx_RxEventCallback	24	static
../Core/Src/main.c:534:6:Error_Handler	4	static,ignoring_inline_asm
