16:57:27 **** Incremental Build of configuration Debug for project ASIS_Project ****
make -j16 all 
arm-none-eabi-gcc "../Core/Src/main.c" -mcpu=cortex-m4 -std=gnu11 -g3 -DDEBUG -DUSE_HAL_DRIVER -DSTM32F334x8 -c -I../Core/Inc -I../Drivers/STM32F3xx_HAL_Driver/Inc/Legacy -I../Drivers/STM32F3xx_HAL_Driver/Inc -I../Drivers/CMSIS/Device/ST/STM32F3xx/Include -I../Drivers/CMSIS/Include -O0 -ffunction-sections -fdata-sections -Wall -fstack-usage -fcyclomatic-complexity -MMD -MP -MF"Core/Src/main.d" -MT"Core/Src/main.o" --specs=nano.specs -mfpu=fpv4-sp-d16 -mfloat-abi=hard -mthumb -o "Core/Src/main.o"
arm-none-eabi-gcc -o "ASIS_Project.elf" @"objects.list"   -mcpu=cortex-m4 -T"C:\Users\barki\STM32CubeIDE\workspace_1.19.0\ASIS_Project\STM32F334R8TX_FLASH.ld" --specs=nosys.specs -Wl,-Map="ASIS_Project.map" -Wl,--gc-sections -static --specs=nano.specs -mfpu=fpv4-sp-d16 -mfloat-abi=hard -mthumb -Wl,--start-group -lc -lm -Wl,--end-group
Finished building target: ASIS_Project.elf
 
arm-none-eabi-size  ASIS_Project.elf 
arm-none-eabi-objdump -h -S ASIS_Project.elf  > "ASIS_Project.list"
   text	   data	    bss	    dec	    hex	filename
  13348	     20	   1796	  15164	   3b3c	ASIS_Project.elf
Finished building: default.size.stdout
 
Finished building: ASIS_Project.list
 
16:57:36 **** Incremental Build of configuration Debug for project ASIS_Project ****
make -j16 all 
arm-none-eabi-size  ASIS_Project.elf 
   text	   data	    bss	    dec	    hex	filename
  13348	     20	   1796	  15164	   3b3c	ASIS_Project.elf
Finished building: default.size.stdout
 
