13:20:44 **** Incremental Build of configuration Debug for project NRF24L01_DENEME_2 ****
make -j16 all 
arm-none-eabi-gcc "../Core/Src/main.c" -mcpu=cortex-m4 -std=gnu11 -g3 -DDEBUG -DUSE_HAL_DRIVER -DSTM32F303x8 -c -I../Core/Inc -I../Drivers/STM32F3xx_HAL_Driver/Inc/Legacy -I../Drivers/STM32F3xx_HAL_Driver/Inc -I../Drivers/CMSIS/Device/ST/STM32F3xx/Include -I../Drivers/CMSIS/Include -O0 -ffunction-sections -fdata-sections -Wall -fstack-usage -fcyclomatic-complexity -MMD -MP -MF"Core/Src/main.d" -MT"Core/Src/main.o" --specs=nano.specs -mfpu=fpv4-sp-d16 -mfloat-abi=hard -mthumb -o "Core/Src/main.o"
arm-none-eabi-gcc -o "NRF24L01_DENEME_2.elf" @"objects.list"   -mcpu=cortex-m4 -T"C:\Users\barki\STM32CubeIDE\workspace_1.19.0\NRF24L01_DENEME_2\STM32F303K8TX_FLASH.ld" --specs=nosys.specs -Wl,-Map="NRF24L01_DENEME_2.map" -Wl,--gc-sections -static --specs=nano.specs -mfpu=fpv4-sp-d16 -mfloat-abi=hard -mthumb -Wl,--start-group -lc -lm -Wl,--end-group
Finished building target: NRF24L01_DENEME_2.elf
 
arm-none-eabi-size  NRF24L01_DENEME_2.elf 
arm-none-eabi-objdump -h -S NRF24L01_DENEME_2.elf  > "NRF24L01_DENEME_2.list"
   text	   data	    bss	    dec	    hex	filename
  23712	    160	   2392	  26264	   6698	NRF24L01_DENEME_2.elf
Finished building: default.size.stdout
 
Finished building: NRF24L01_DENEME_2.list
 

13:20:45 Build Finished. 0 errors, 0 warnings. (took 596ms)

