14:30:42 **** Incremental Build of configuration Debug for project p3_timer ****
make -j16 all 
arm-none-eabi-gcc "../Core/Src/main.c" -mcpu=cortex-m4 -std=gnu11 -g3 -DDEBUG -DUSE_HAL_DRIVER -DSTM32F429xx -c -I../Core/Inc -I../Drivers/STM32F4xx_HAL_Driver/Inc -I../Drivers/STM32F4xx_HAL_Driver/Inc/Legacy -I../Drivers/CMSIS/Device/ST/STM32F4xx/Include -I../Drivers/CMSIS/Include -O0 -ffunction-sections -fdata-sections -Wall -fstack-usage -fcyclomatic-complexity -MMD -MP -MF"Core/Src/main.d" -MT"Core/Src/main.o" --specs=nano.specs -mfpu=fpv4-sp-d16 -mfloat-abi=hard -mthumb -o "Core/Src/main.o"
arm-none-eabi-gcc -o "p3_timer.elf" @"objects.list"   -mcpu=cortex-m4 -T"C:\Users\barki\STM32CubeIDE\workspace_1.18.1\p3_timer\STM32F429ZITX_FLASH.ld" --specs=nosys.specs -Wl,-Map="p3_timer.map" -Wl,--gc-sections -static --specs=nano.specs -mfpu=fpv4-sp-d16 -mfloat-abi=hard -mthumb -Wl,--start-group -lc -lm -Wl,--end-group
Finished building target: p3_timer.elf
 
arm-none-eabi-size  p3_timer.elf 
arm-none-eabi-objdump -h -S p3_timer.elf  > "p3_timer.list"
   text	   data	    bss	    dec	    hex	filename
   7344	     12	   1796	   9152	   23c0	p3_timer.elf
Finished building: default.size.stdout
 
Finished building: p3_timer.list
 

14:30:43 Build Finished. 0 errors, 0 warnings. (took 542ms)

