16:29:14 **** Build of configuration Debug for project p4_dene ****
make -j16 all 
arm-none-eabi-gcc "../Core/Src/main.c" -mcpu=cortex-m4 -std=gnu11 -g3 -DDEBUG -DUSE_HAL_DRIVER -DSTM32F429xx -c -I../Core/Inc -I../Drivers/STM32F4xx_HAL_Driver/Inc -I../Drivers/STM32F4xx_HAL_Driver/Inc/Legacy -I../Drivers/CMSIS/Device/ST/STM32F4xx/Include -I../Drivers/CMSIS/Include -O0 -ffunction-sections -fdata-sections -Wall -fstack-usage -fcyclomatic-complexity -MMD -MP -MF"Core/Src/main.d" -MT"Core/Src/main.o" --specs=nano.specs -mfpu=fpv4-sp-d16 -mfloat-abi=hard -mthumb -o "Core/Src/main.o"
arm-none-eabi-gcc -o "p4_dene.elf" @"objects.list"   -mcpu=cortex-m4 -T"C:\Users\barki\STM32CubeIDE\workspace_1.18.1\p4_dene\STM32F429ZITX_FLASH.ld" --specs=nosys.specs -Wl,-Map="p4_dene.map" -Wl,--gc-sections -static --specs=nano.specs -mfpu=fpv4-sp-d16 -mfloat-abi=hard -mthumb -Wl,--start-group -lc -lm -Wl,--end-group
Finished building target: p4_dene.elf
 
arm-none-eabi-size  p4_dene.elf 
arm-none-eabi-objdump -h -S p4_dene.elf  > "p4_dene.list"
   text	   data	    bss	    dec	    hex	filename
   7800	     12	   1668	   9480	   2508	p4_dene.elf
Finished building: default.size.stdout
 
Finished building: p4_dene.list
 

16:29:15 Build Finished. 0 errors, 0 warnings. (took 843ms)

